// Jest Snapshot v1, https://goo.gl/fbAQLP

exports[`renders initial or full-logic page 1`] = `
"<div class=\\"topbar\\">
  <h2 class=\\"topbar__title\\">Добро пожаловать в Control Money App.</h2><label>Введите сумму, которой вы распологаете.<br><input type=\\"text\\"><br></label><button type=\\"button\\">Начать учет</button>
  <h3 class=\\"topbar__mistake-text\\"></h3>
</div>"
`;

exports[`renders initial or full-logic page 2`] = `
"<div class=\\"topbar\\">
  <h2 class=\\"topbar__title\\">Добро пожаловать в Control Money App.</h2>
  <div class=\\"topbar__counters\\">
    <p class=\\"topbar__counter\\">Ваша общая сумма в наличии<p>(в рублях):</p><span class=\\"num-count\\">123</span></p>
    <p class=\\"topbar__counter\\">Ваша сумма в остатке после вычета категорий<p>(в рублях):</p><span class=\\"num-count\\">123</span></p>
  </div>
</div>"
`;
